stdout: ""
stderr: "#### [tool call]\n```json\n{\n  \"name\": \"compact_conversation\",\n  \"parameters\": {\n    \"summary\": \"first\"\n  }\n}\n```> message_id: `msg_002`#### [tool call]\n```json\n{\n  \"name\": \"compact_conversation\",\n  \"parameters\": {\n    \"summary\": \"second\"\n  }\n}\n```> message_id: `msg_004`"
sqlite:
messages:
- id="msg_001" parent_id=NULL compaction_parent_id=NULL role="user" tool_result_error=false message_extra_fields=NULL model_ref=NULL model_id=NULL model_type=NULL model_display_name=NULL input_tokens=NULL output_tokens=NULL cache_read_tokens=NULL cache_write_tokens=NULL
- id="msg_002" parent_id="msg_001" compaction_parent_id=NULL role="assistant" tool_result_error=false message_extra_fields=NULL model_ref=NULL model_id=NULL model_type=NULL model_display_name=NULL input_tokens=NULL output_tokens=NULL cache_read_tokens=NULL cache_write_tokens=NULL
- id="msg_003" parent_id=NULL compaction_parent_id="msg_002" role="user" tool_result_error=false message_extra_fields=NULL model_ref=NULL model_id=NULL model_type=NULL model_display_name=NULL input_tokens=NULL output_tokens=NULL cache_read_tokens=NULL cache_write_tokens=NULL
- id="msg_004" parent_id="msg_003" compaction_parent_id=NULL role="assistant" tool_result_error=false message_extra_fields=NULL model_ref=NULL model_id=NULL model_type=NULL model_display_name=NULL input_tokens=NULL output_tokens=NULL cache_read_tokens=NULL cache_write_tokens=NULL
blocks:
- id=NULL message_id="msg_001" block_type="content" modality_type=0 mime_type="text/plain" content="compact repeatedly" extra_fields=NULL sequence_order=0
- id="call_1" message_id="msg_002" block_type="tool_call" modality_type=0 mime_type="text/plain" content="{\"name\":\"compact_conversation\",\"parameters\":{\"summary\":\"first\"}}" extra_fields=NULL sequence_order=0
- id=NULL message_id="msg_003" block_type="content" modality_type=0 mime_type="text/plain" content="summary=first parent=msg_002 tool=compact_conversation" extra_fields=NULL sequence_order=0
- id="call_2" message_id="msg_004" block_type="tool_call" modality_type=0 mime_type="text/plain" content="{\"name\":\"compact_conversation\",\"parameters\":{\"summary\":\"second\"}}" extra_fields=NULL sequence_order=0
